// Jest Snapshot v1, https://goo.gl/fbAQLP

exports[`should render expense items 1`] = `
<div>
  <Link
    to="/editExpense/2"
  >
    <h3>
      wifi bill
    </h3>
  </Link>
  <p>
    $8.00
    -
    January 1st,1970
  </p>
</div>
`;
